// Jest Snapshot v1, https://goo.gl/fbAQLP

exports[`APP :: snapshot :: renders correctly 1`] = `ShallowWrapper {}`;

exports[`renders correctly 1`] = `ShallowWrapper {}`;
